  401088      D04 Code                CLARIONPOS_TEXT
  401D8C       23 Code                IEXE32_TEXT
  401DB0      10A Code                INIT_TEXT
  402000      3A2 Initialized Data    CLARIONPOS_CONST
  4023A4       6C Initialized Data    CLARIONPOS_DATA
  402410       44 Initialized Data    IEXE32_DATA
  402454        0 Initialized Data    __CPPINI_CONS
  402454       1C Initialized Data    __CPPINI_CONST
  402470        4 Initialized Data    __CPPINI_END
  402474        0 Initialized Data    __INIVMT_CONS
  402474        0 Initialized Data    __INIVMT_CONST_END
  402480     FA00 Un-initialized Data $RESULTSTATUSBUFFER_BSS
  411E80     FA00 Un-initialized Data $SETUPSTRINGBUFFER_BSS
  421880     FA00 Un-initialized Data $SETUPSTRING_BSS
  431280     1310 Un-initialized Data CLARIONPOS_BSS
  432590     FA00 Un-initialized Data DESTFILE$RECORD_BSS
  442000        8 __T_L_S__DAT
  442008        0 __T_L_S__DATA_END
  442010        0 __T_L_S__BS
  442010        0 __T_L_S__BSS_END

  401088 _main
  40116C POPULATETRANSACTIONREQUEST@F
  4015AC PARSETRANSACTIONRESPONSE@F
  401928 SAVESETUPSTRING@Fsbsb
  4019E0 GETSETUPSTRING@Fsb
  401AD8 PARSECOMMAND@Fsb
  4023A4 DESTFILE$TYPE$RECORD
  4023BC $DESTFILE
  402480 $RESULTSTATUSBUFFER
  411E80 $SETUPSTRINGBUFFER
  421880 $SETUPSTRING
  431280 $DESTNAME
  431384 $SELECTEDCOMMAND
  431584 $AMOUNTBALANCEBUFFER
  43161C $CVVRESPONSETEXTBUFFER
  4316B4 $CVVRESPONSECODEBUFFER
  43174C $UNIQUETRANSIDBUFFER
  4317E4 $MASKEDACCOUNTBUFFER
  43187C $ACCOUNTENTRYMETHODBUFFER
  431914 $ACCOUNTEXPIRYDATEBUFFER
  4319AC $ACCOUNTCARDTYPEBUFFER
  431A44 $TRANSACTIONTYPEBUFFER
  431ADC $AMOUNTPROCESSEDBUFFER
  431B74 $AVSRESPONSECODEBUFFER
  431C0C $AVSRESPONSETEXTBUFFER
  431CA4 $BILLINGSTREETADDRESSBUFFER
  431D3C $BILLINGZIPBUFFER
  431DD4 $LEVEL2CUSTOMERCODEBUFFER
  431E6C $LEVEL2ORDERNUMBERBUFFER
  431F04 $LEVEL2TAXBUFFER
  431F9C $APPROVALNUMBERBUFFER
  432034 $TRANSACTIONREFBUFFER
  4320CC $SMIDBUFFER
  432164 $ACHFORMATBUFFER
  4321FC $CASHBACKBUFFER
  432294 $AMOUNTFEEBUFFER
  43232C $AMOUNTTIPBUFFER
  4323C4 $UNIQUETRANSREFBUFFER
  43245C $CASHIERBUFFER
  4324F4 $AMOUNTTOTALBUFFER
  43258C $MYWINDOW
  432590 MEMOS$DESTFILE
  443000 __import_section_start
  4435B8 __import_section_end

Imports
ClaASC.dll:ASCII 443058
ClaOLE.dll:Cla$HookOle 443068
ClaRUN.dll:Cla$clearstr 443130
ClaRUN.dll:Cla$code 443134
ClaRUN.dll:Cla$comparestr 443138
ClaRUN.dll:Cla$DISPLAY 44313C,401000
ClaRUN.dll:Cla$DoProp 443140
ClaRUN.dll:Cla$DPopLong 443144
ClaRUN.dll:Cla$EndEventLoop 443148
ClaRUN.dll:Cla$ERRORCODE 44314C,401008
ClaRUN.dll:Cla$EVENT 443150,401010
ClaRUN.dll:Cla$FIELD 443154,401018
ClaRUN.dll:Cla$FILE_ADDf 443158
ClaRUN.dll:Cla$FILE_CLOSE 44315C,401020
ClaRUN.dll:Cla$FILE_CREATE 443160
ClaRUN.dll:Cla$FILE_DELETE 443164,401028
ClaRUN.dll:CLA$FILE_DESTROY 443168
ClaRUN.dll:Cla$FILE_NEXT 44316C,401030
ClaRUN.dll:Cla$FILE_OPEN 443170,401038
ClaRUN.dll:Cla$FILE_SETf 443174,401040
ClaRUN.dll:Cla$freestr 443178
ClaRUN.dll:Cla$FreeUfo 44317C
ClaRUN.dll:Cla$freewindow 443180
ClaRUN.dll:Cla$GetPropS 443184
ClaRUN.dll:Cla$init 443188
ClaRUN.dll:Cla$Mem2Ufo 44318C
ClaRUN.dll:Cla$MessageBox 443190,401048
ClaRUN.dll:Cla$OPENwindow 443194,401050
ClaRUN.dll:Cla$PopCString 443198
ClaRUN.dll:Cla$PopTemp 44319C
ClaRUN.dll:Cla$POST 4431A0,401058
ClaRUN.dll:Cla$PushCString 4431A4
ClaRUN.dll:Cla$PushString 4431A8
ClaRUN.dll:Cla$pwopen 4431AC,401060
ClaRUN.dll:Cla$SetPropV 4431B0
ClaRUN.dll:Cla$Stack2DStack 4431B4
ClaRUN.dll:Cla$StackCLIP 4431B8,401068
ClaRUN.dll:Cla$StackConcat 4431BC
ClaRUN.dll:Cla$StackConcatR 4431C0
ClaRUN.dll:Cla$StackHeap 4431C4
ClaRUN.dll:Cla$STACKpop 4431C8
ClaRUN.dll:Cla$StartEventLoop 4431CC
ClaRUN.dll:Cla$storecstr 4431D0
ClaRUN.dll:Cla$storestr 4431D4
ClaRUN.dll:_exit 4431D8,401070
ClaRUN.dll:_free 4431DC
ClaRUN.dll:_malloc 4431E0
ClaRUN.dll:__sysinit 4431E4,401078
ClaRUN.dll:__sysstart 4431E8,401080



Entry Point:   401D8C