  401088      574 Code                CLARIONPOS_TEXT
  4015FC       23 Code                IEXE32_TEXT
  401620       80 Code                INIT_TEXT
  402000       E2 Initialized Data    CLARIONPOS_CONST
  4020E4       6C Initialized Data    CLARIONPOS_DATA
  402150       44 Initialized Data    IEXE32_DATA
  402194        0 Initialized Data    __CPPINI_CONS
  402194       1C Initialized Data    __CPPINI_CONST
  4021B0        4 Initialized Data    __CPPINI_END
  4021B4        0 Initialized Data    __INIVMT_CONS
  4021B4        0 Initialized Data    __INIVMT_CONST_END
  4021C0     FA00 Un-initialized Data $RESULTSTATUSBUFFER_BSS
  411BC0     FA00 Un-initialized Data $SETUPSTRINGBUFFER_BSS
  4215C0     FA00 Un-initialized Data $SETUPSTRING_BSS
  430FC0      4D0 Un-initialized Data CLARIONPOS_BSS
  431490     FA00 Un-initialized Data DESTFILE$RECORD_BSS
  441000        8 __T_L_S__DAT
  441008        0 __T_L_S__DATA_END
  441010        0 __T_L_S__BS
  441010        0 __T_L_S__BSS_END

  401088 _main
  40116C SAVESETUPSTRING@Fsbsb
  401224 GETSETUPSTRING@Fsb
  40131C PARSECOMMAND@Fsb
  4020E4 DESTFILE$TYPE$RECORD
  4020FC $DESTFILE
  4021C0 $RESULTSTATUSBUFFER
  411BC0 $SETUPSTRINGBUFFER
  4215C0 $SETUPSTRING
  430FC0 $DESTNAME
  4310C4 $SELECTEDCOMMAND
  4312C4 $TRANSACTIONTYPEBUFFER
  43135C $AMOUNTPROCESSEDBUFFER
  4313F4 $AMOUNTTOTALBUFFER
  43148C $MYWINDOW
  431490 MEMOS$DESTFILE
  442000 __import_section_start
  4425B8 __import_section_end

Imports
ClaASC.dll:ASCII 442058
ClaOLE.dll:Cla$HookOle 442068
ClaRUN.dll:Cla$clearstr 442130
ClaRUN.dll:Cla$code 442134
ClaRUN.dll:Cla$comparestr 442138
ClaRUN.dll:Cla$DISPLAY 44213C,401000
ClaRUN.dll:Cla$DoProp 442140
ClaRUN.dll:Cla$DPopLong 442144
ClaRUN.dll:Cla$EndEventLoop 442148
ClaRUN.dll:Cla$ERRORCODE 44214C,401008
ClaRUN.dll:Cla$EVENT 442150,401010
ClaRUN.dll:Cla$FIELD 442154,401018
ClaRUN.dll:Cla$FILE_ADDf 442158
ClaRUN.dll:Cla$FILE_CLOSE 44215C,401020
ClaRUN.dll:Cla$FILE_CREATE 442160
ClaRUN.dll:Cla$FILE_DELETE 442164,401028
ClaRUN.dll:CLA$FILE_DESTROY 442168
ClaRUN.dll:Cla$FILE_NEXT 44216C,401030
ClaRUN.dll:Cla$FILE_OPEN 442170,401038
ClaRUN.dll:Cla$FILE_SETf 442174,401040
ClaRUN.dll:Cla$freestr 442178
ClaRUN.dll:Cla$FreeUfo 44217C
ClaRUN.dll:Cla$freewindow 442180
ClaRUN.dll:Cla$GetPropS 442184
ClaRUN.dll:Cla$init 442188
ClaRUN.dll:Cla$Mem2Ufo 44218C
ClaRUN.dll:Cla$MessageBox 442190,401048
ClaRUN.dll:Cla$OPENwindow 442194,401050
ClaRUN.dll:Cla$PopCString 442198
ClaRUN.dll:Cla$PopTemp 44219C
ClaRUN.dll:Cla$POST 4421A0,401058
ClaRUN.dll:Cla$PushCString 4421A4
ClaRUN.dll:Cla$PushString 4421A8
ClaRUN.dll:Cla$pwopen 4421AC,401060
ClaRUN.dll:Cla$SetPropV 4421B0
ClaRUN.dll:Cla$Stack2DStack 4421B4
ClaRUN.dll:Cla$StackCLIP 4421B8,401068
ClaRUN.dll:Cla$StackConcat 4421BC
ClaRUN.dll:Cla$StackConcatR 4421C0
ClaRUN.dll:Cla$StackHeap 4421C4
ClaRUN.dll:Cla$STACKpop 4421C8
ClaRUN.dll:Cla$StartEventLoop 4421CC
ClaRUN.dll:Cla$storecstr 4421D0
ClaRUN.dll:Cla$storestr 4421D4
ClaRUN.dll:_exit 4421D8,401070
ClaRUN.dll:_free 4421DC
ClaRUN.dll:_malloc 4421E0
ClaRUN.dll:__sysinit 4421E4,401078
ClaRUN.dll:__sysstart 4421E8,401080



Entry Point:   4015FC